<testsuites id="" name="" tests="3" failures="3" skipped="0" errors="0" time="6.753424999999999">
<testsuite name="new-memo.spec.ts" timestamp="2025-08-01T06:14:58.146Z" hostname="chromium" tests="1" failures="1" skipped="0" time="0.019" errors="0">
<testcase name="새 메모 작성 › 사용자는 새 메모를 작성하고 저장할 수 있다" classname="new-memo.spec.ts" time="0.019">
<failure message="new-memo.spec.ts:4:7 사용자는 새 메모를 작성하고 저장할 수 있다" type="FAILURE">
<![CDATA[  [chromium] › new-memo.spec.ts:4:7 › 새 메모 작성 › 사용자는 새 메모를 작성하고 저장할 수 있다 ───────────────────────────

    Error: browserType.launch: Executable doesn't exist at C:\Users\masocampus\AppData\Local\ms-playwright\chromium_headless_shell-1181\chrome-win\headless_shell.exe
    ╔═════════════════════════════════════════════════════════════════════════╗
    ║ Looks like Playwright Test or Playwright was just installed or updated. ║
    ║ Please run the following command to download new browsers:              ║
    ║                                                                         ║
    ║     npx playwright install                                              ║
    ║                                                                         ║
    ║ <3 Playwright Team                                                      ║
    ╚═════════════════════════════════════════════════════════════════════════╝
]]>
</failure>
</testcase>
</testsuite>
<testsuite name="new-memo.spec.ts" timestamp="2025-08-01T06:14:58.146Z" hostname="firefox" tests="1" failures="1" skipped="0" time="0.008" errors="0">
<testcase name="새 메모 작성 › 사용자는 새 메모를 작성하고 저장할 수 있다" classname="new-memo.spec.ts" time="0.008">
<failure message="new-memo.spec.ts:4:7 사용자는 새 메모를 작성하고 저장할 수 있다" type="FAILURE">
<![CDATA[  [firefox] › new-memo.spec.ts:4:7 › 새 메모 작성 › 사용자는 새 메모를 작성하고 저장할 수 있다 ────────────────────────────

    Error: browserType.launch: Executable doesn't exist at C:\Users\masocampus\AppData\Local\ms-playwright\firefox-1489\firefox\firefox.exe
    ╔═════════════════════════════════════════════════════════════════════════╗
    ║ Looks like Playwright Test or Playwright was just installed or updated. ║
    ║ Please run the following command to download new browsers:              ║
    ║                                                                         ║
    ║     npx playwright install                                              ║
    ║                                                                         ║
    ║ <3 Playwright Team                                                      ║
    ╚═════════════════════════════════════════════════════════════════════════╝
]]>
</failure>
</testcase>
</testsuite>
<testsuite name="new-memo.spec.ts" timestamp="2025-08-01T06:14:58.146Z" hostname="webkit" tests="1" failures="1" skipped="0" time="0.007" errors="0">
<testcase name="새 메모 작성 › 사용자는 새 메모를 작성하고 저장할 수 있다" classname="new-memo.spec.ts" time="0.007">
<failure message="new-memo.spec.ts:4:7 사용자는 새 메모를 작성하고 저장할 수 있다" type="FAILURE">
<![CDATA[  [webkit] › new-memo.spec.ts:4:7 › 새 메모 작성 › 사용자는 새 메모를 작성하고 저장할 수 있다 ─────────────────────────────

    Error: browserType.launch: Executable doesn't exist at C:\Users\masocampus\AppData\Local\ms-playwright\webkit-2191\Playwright.exe
    ╔═════════════════════════════════════════════════════════════════════════╗
    ║ Looks like Playwright Test or Playwright was just installed or updated. ║
    ║ Please run the following command to download new browsers:              ║
    ║                                                                         ║
    ║     npx playwright install                                              ║
    ║                                                                         ║
    ║ <3 Playwright Team                                                      ║
    ╚═════════════════════════════════════════════════════════════════════════╝
]]>
</failure>
</testcase>
</testsuite>
</testsuites>